Archive member included to satisfy reference by file (symbol)

/opt/st/stm32cubeide_1.9.0/plugins/com.st.stm32cube.ide.mcu.externaltools.gnu-tools-for-stm32.10.3-2021.10.linux64_1.0.0.202111181127/tools/bin/../lib/gcc/arm-none-eabi/10.3.1/../../../../arm-none-eabi/lib/thumb/v7e-m/nofp/libc_nano.a(lib_a-exit.o)
                              /opt/st/stm32cubeide_1.9.0/plugins/com.st.stm32cube.ide.mcu.externaltools.gnu-tools-for-stm32.10.3-2021.10.linux64_1.0.0.202111181127/tools/bin/../lib/gcc/arm-none-eabi/10.3.1/../../../../arm-none-eabi/lib/thumb/v7e-m/nofp/crt0.o (exit)
/opt/st/stm32cubeide_1.9.0/plugins/com.st.stm32cube.ide.mcu.externaltools.gnu-tools-for-stm32.10.3-2021.10.linux64_1.0.0.202111181127/tools/bin/../lib/gcc/arm-none-eabi/10.3.1/../../../../arm-none-eabi/lib/thumb/v7e-m/nofp/libc_nano.a(lib_a-impure.o)
                              /opt/st/stm32cubeide_1.9.0/plugins/com.st.stm32cube.ide.mcu.externaltools.gnu-tools-for-stm32.10.3-2021.10.linux64_1.0.0.202111181127/tools/bin/../lib/gcc/arm-none-eabi/10.3.1/../../../../arm-none-eabi/lib/thumb/v7e-m/nofp/libc_nano.a(lib_a-exit.o) (_global_impure_ptr)
/opt/st/stm32cubeide_1.9.0/plugins/com.st.stm32cube.ide.mcu.externaltools.gnu-tools-for-stm32.10.3-2021.10.linux64_1.0.0.202111181127/tools/bin/../lib/gcc/arm-none-eabi/10.3.1/../../../../arm-none-eabi/lib/thumb/v7e-m/nofp/libc_nano.a(lib_a-init.o)
                              /opt/st/stm32cubeide_1.9.0/plugins/com.st.stm32cube.ide.mcu.externaltools.gnu-tools-for-stm32.10.3-2021.10.linux64_1.0.0.202111181127/tools/bin/../lib/gcc/arm-none-eabi/10.3.1/../../../../arm-none-eabi/lib/thumb/v7e-m/nofp/crt0.o (__libc_init_array)
/opt/st/stm32cubeide_1.9.0/plugins/com.st.stm32cube.ide.mcu.externaltools.gnu-tools-for-stm32.10.3-2021.10.linux64_1.0.0.202111181127/tools/bin/../lib/gcc/arm-none-eabi/10.3.1/../../../../arm-none-eabi/lib/thumb/v7e-m/nofp/libc_nano.a(lib_a-memset.o)
                              /opt/st/stm32cubeide_1.9.0/plugins/com.st.stm32cube.ide.mcu.externaltools.gnu-tools-for-stm32.10.3-2021.10.linux64_1.0.0.202111181127/tools/bin/../lib/gcc/arm-none-eabi/10.3.1/../../../../arm-none-eabi/lib/thumb/v7e-m/nofp/crt0.o (memset)
/opt/st/stm32cubeide_1.9.0/plugins/com.st.stm32cube.ide.mcu.externaltools.gnu-tools-for-stm32.10.3-2021.10.linux64_1.0.0.202111181127/tools/bin/../lib/gcc/arm-none-eabi/10.3.1/../../../../arm-none-eabi/lib/thumb/v7e-m/nofp/libnosys.a(_exit.o)
                              /opt/st/stm32cubeide_1.9.0/plugins/com.st.stm32cube.ide.mcu.externaltools.gnu-tools-for-stm32.10.3-2021.10.linux64_1.0.0.202111181127/tools/bin/../lib/gcc/arm-none-eabi/10.3.1/../../../../arm-none-eabi/lib/thumb/v7e-m/nofp/libc_nano.a(lib_a-exit.o) (_exit)

Discarded input sections

 .text          0x0000000000000000        0x0 /opt/st/stm32cubeide_1.9.0/plugins/com.st.stm32cube.ide.mcu.externaltools.gnu-tools-for-stm32.10.3-2021.10.linux64_1.0.0.202111181127/tools/bin/../lib/gcc/arm-none-eabi/10.3.1/thumb/v7e-m/nofp/crti.o
 .data          0x0000000000000000        0x0 /opt/st/stm32cubeide_1.9.0/plugins/com.st.stm32cube.ide.mcu.externaltools.gnu-tools-for-stm32.10.3-2021.10.linux64_1.0.0.202111181127/tools/bin/../lib/gcc/arm-none-eabi/10.3.1/thumb/v7e-m/nofp/crti.o
 .bss           0x0000000000000000        0x0 /opt/st/stm32cubeide_1.9.0/plugins/com.st.stm32cube.ide.mcu.externaltools.gnu-tools-for-stm32.10.3-2021.10.linux64_1.0.0.202111181127/tools/bin/../lib/gcc/arm-none-eabi/10.3.1/thumb/v7e-m/nofp/crti.o
 .data          0x0000000000000000        0x4 /opt/st/stm32cubeide_1.9.0/plugins/com.st.stm32cube.ide.mcu.externaltools.gnu-tools-for-stm32.10.3-2021.10.linux64_1.0.0.202111181127/tools/bin/../lib/gcc/arm-none-eabi/10.3.1/thumb/v7e-m/nofp/crtbegin.o
 .rodata        0x0000000000000000       0x24 /opt/st/stm32cubeide_1.9.0/plugins/com.st.stm32cube.ide.mcu.externaltools.gnu-tools-for-stm32.10.3-2021.10.linux64_1.0.0.202111181127/tools/bin/../lib/gcc/arm-none-eabi/10.3.1/thumb/v7e-m/nofp/crtbegin.o
 .text          0x0000000000000000       0x7c /opt/st/stm32cubeide_1.9.0/plugins/com.st.stm32cube.ide.mcu.externaltools.gnu-tools-for-stm32.10.3-2021.10.linux64_1.0.0.202111181127/tools/bin/../lib/gcc/arm-none-eabi/10.3.1/../../../../arm-none-eabi/lib/thumb/v7e-m/nofp/crt0.o
 .data          0x0000000000000000        0x0 /opt/st/stm32cubeide_1.9.0/plugins/com.st.stm32cube.ide.mcu.externaltools.gnu-tools-for-stm32.10.3-2021.10.linux64_1.0.0.202111181127/tools/bin/../lib/gcc/arm-none-eabi/10.3.1/../../../../arm-none-eabi/lib/thumb/v7e-m/nofp/crt0.o
 .bss           0x0000000000000000        0x0 /opt/st/stm32cubeide_1.9.0/plugins/com.st.stm32cube.ide.mcu.externaltools.gnu-tools-for-stm32.10.3-2021.10.linux64_1.0.0.202111181127/tools/bin/../lib/gcc/arm-none-eabi/10.3.1/../../../../arm-none-eabi/lib/thumb/v7e-m/nofp/crt0.o
 .ARM.extab     0x0000000000000000        0x0 /opt/st/stm32cubeide_1.9.0/plugins/com.st.stm32cube.ide.mcu.externaltools.gnu-tools-for-stm32.10.3-2021.10.linux64_1.0.0.202111181127/tools/bin/../lib/gcc/arm-none-eabi/10.3.1/../../../../arm-none-eabi/lib/thumb/v7e-m/nofp/crt0.o
 .ARM.exidx     0x0000000000000000       0x10 /opt/st/stm32cubeide_1.9.0/plugins/com.st.stm32cube.ide.mcu.externaltools.gnu-tools-for-stm32.10.3-2021.10.linux64_1.0.0.202111181127/tools/bin/../lib/gcc/arm-none-eabi/10.3.1/../../../../arm-none-eabi/lib/thumb/v7e-m/nofp/crt0.o
 .ARM.attributes
                0x0000000000000000       0x1c /opt/st/stm32cubeide_1.9.0/plugins/com.st.stm32cube.ide.mcu.externaltools.gnu-tools-for-stm32.10.3-2021.10.linux64_1.0.0.202111181127/tools/bin/../lib/gcc/arm-none-eabi/10.3.1/../../../../arm-none-eabi/lib/thumb/v7e-m/nofp/crt0.o
 .group         0x0000000000000000        0xc ./Core/Src/board_support.o
 .group         0x0000000000000000        0xc ./Core/Src/board_support.o
 .group         0x0000000000000000        0xc ./Core/Src/board_support.o
 .group         0x0000000000000000        0xc ./Core/Src/board_support.o
 .group         0x0000000000000000        0xc ./Core/Src/board_support.o
 .group         0x0000000000000000        0xc ./Core/Src/board_support.o
 .group         0x0000000000000000        0xc ./Core/Src/board_support.o
 .group         0x0000000000000000        0xc ./Core/Src/board_support.o
 .group         0x0000000000000000        0xc ./Core/Src/board_support.o
 .group         0x0000000000000000        0xc ./Core/Src/board_support.o
 .group         0x0000000000000000        0xc ./Core/Src/board_support.o
 .group         0x0000000000000000        0xc ./Core/Src/board_support.o
 .group         0x0000000000000000        0xc ./Core/Src/board_support.o
 .group         0x0000000000000000        0xc ./Core/Src/board_support.o
 .group         0x0000000000000000        0xc ./Core/Src/board_support.o
 .group         0x0000000000000000        0xc ./Core/Src/board_support.o
 .group         0x0000000000000000        0xc ./Core/Src/board_support.o
 .text          0x0000000000000000        0x0 ./Core/Src/board_support.o
 .data          0x0000000000000000        0x0 ./Core/Src/board_support.o
 .bss           0x0000000000000000        0x0 ./Core/Src/board_support.o
 .group         0x0000000000000000        0xc ./Core/Src/main.o
 .group         0x0000000000000000        0xc ./Core/Src/main.o
 .group         0x0000000000000000        0xc ./Core/Src/main.o
 .group         0x0000000000000000        0xc ./Core/Src/main.o
 .group         0x0000000000000000        0xc ./Core/Src/main.o
 .group         0x0000000000000000        0xc ./Core/Src/main.o
 .group         0x0000000000000000        0xc ./Core/Src/main.o
 .group         0x0000000000000000        0xc ./Core/Src/main.o
 .group         0x0000000000000000        0xc ./Core/Src/main.o
 .group         0x0000000000000000        0xc ./Core/Src/main.o
 .group         0x0000000000000000        0xc ./Core/Src/main.o
 .group         0x0000000000000000        0xc ./Core/Src/main.o
 .group         0x0000000000000000        0xc ./Core/Src/main.o
 .group         0x0000000000000000        0xc ./Core/Src/main.o
 .group         0x0000000000000000        0xc ./Core/Src/main.o
 .group         0x0000000000000000        0xc ./Core/Src/main.o
 .group         0x0000000000000000        0xc ./Core/Src/main.o
 .text          0x0000000000000000        0x0 ./Core/Src/main.o
 .data          0x0000000000000000        0x0 ./Core/Src/main.o
 .bss           0x0000000000000000        0x0 ./Core/Src/main.o
 .debug_macro   0x0000000000000000      0xa66 ./Core/Src/main.o
 .debug_macro   0x0000000000000000       0x22 ./Core/Src/main.o
 .debug_macro   0x0000000000000000       0x8e ./Core/Src/main.o
 .debug_macro   0x0000000000000000       0x51 ./Core/Src/main.o
 .debug_macro   0x0000000000000000      0x103 ./Core/Src/main.o
 .debug_macro   0x0000000000000000       0x6a ./Core/Src/main.o
 .debug_macro   0x0000000000000000      0x1df ./Core/Src/main.o
 .debug_macro   0x0000000000000000       0x2e ./Core/Src/main.o
 .debug_macro   0x0000000000000000       0x28 ./Core/Src/main.o
 .debug_macro   0x0000000000000000       0x1c ./Core/Src/main.o
 .debug_macro   0x0000000000000000       0x22 ./Core/Src/main.o
 .debug_macro   0x0000000000000000       0xd9 ./Core/Src/main.o
 .debug_macro   0x0000000000000000     0x102d ./Core/Src/main.o
 .debug_macro   0x0000000000000000      0x11f ./Core/Src/main.o
 .debug_macro   0x0000000000000000    0x12a3a ./Core/Src/main.o
 .debug_macro   0x0000000000000000       0x6d ./Core/Src/main.o
 .debug_macro   0x0000000000000000       0x16 ./Core/Src/main.o
 .group         0x0000000000000000        0xc ./Core/Src/system_stm32f3xx.o
 .group         0x0000000000000000        0xc ./Core/Src/system_stm32f3xx.o
 .group         0x0000000000000000        0xc ./Core/Src/system_stm32f3xx.o
 .group         0x0000000000000000        0xc ./Core/Src/system_stm32f3xx.o
 .group         0x0000000000000000        0xc ./Core/Src/system_stm32f3xx.o
 .group         0x0000000000000000        0xc ./Core/Src/system_stm32f3xx.o
 .group         0x0000000000000000        0xc ./Core/Src/system_stm32f3xx.o
 .group         0x0000000000000000        0xc ./Core/Src/system_stm32f3xx.o
 .group         0x0000000000000000        0xc ./Core/Src/system_stm32f3xx.o
 .group         0x0000000000000000        0xc ./Core/Src/system_stm32f3xx.o
 .group         0x0000000000000000        0xc ./Core/Src/system_stm32f3xx.o
 .group         0x0000000000000000        0xc ./Core/Src/system_stm32f3xx.o
 .group         0x0000000000000000        0xc ./Core/Src/system_stm32f3xx.o
 .group         0x0000000000000000        0xc ./Core/Src/system_stm32f3xx.o
 .group         0x0000000000000000        0xc ./Core/Src/system_stm32f3xx.o
 .group         0x0000000000000000        0xc ./Core/Src/system_stm32f3xx.o
 .text          0x0000000000000000        0x0 ./Core/Src/system_stm32f3xx.o
 .data          0x0000000000000000        0x0 ./Core/Src/system_stm32f3xx.o
 .bss           0x0000000000000000        0x0 ./Core/Src/system_stm32f3xx.o
 .text.SystemCoreClockUpdate
                0x0000000000000000       0x8c ./Core/Src/system_stm32f3xx.o
 .rodata.AHBPrescTable
                0x0000000000000000       0x10 ./Core/Src/system_stm32f3xx.o
 .rodata.APBPrescTable
                0x0000000000000000        0x8 ./Core/Src/system_stm32f3xx.o
 .debug_macro   0x0000000000000000      0xa66 ./Core/Src/system_stm32f3xx.o
 .debug_macro   0x0000000000000000       0x2e ./Core/Src/system_stm32f3xx.o
 .debug_macro   0x0000000000000000       0x28 ./Core/Src/system_stm32f3xx.o
 .debug_macro   0x0000000000000000       0x22 ./Core/Src/system_stm32f3xx.o
 .debug_macro   0x0000000000000000       0x8e ./Core/Src/system_stm32f3xx.o
 .debug_macro   0x0000000000000000       0x51 ./Core/Src/system_stm32f3xx.o
 .debug_macro   0x0000000000000000      0x103 ./Core/Src/system_stm32f3xx.o
 .debug_macro   0x0000000000000000       0x6a ./Core/Src/system_stm32f3xx.o
 .debug_macro   0x0000000000000000      0x1df ./Core/Src/system_stm32f3xx.o
 .debug_macro   0x0000000000000000       0x1c ./Core/Src/system_stm32f3xx.o
 .debug_macro   0x0000000000000000       0x22 ./Core/Src/system_stm32f3xx.o
 .debug_macro   0x0000000000000000       0xd9 ./Core/Src/system_stm32f3xx.o
 .debug_macro   0x0000000000000000     0x102d ./Core/Src/system_stm32f3xx.o
 .debug_macro   0x0000000000000000      0x11f ./Core/Src/system_stm32f3xx.o
 .debug_macro   0x0000000000000000    0x12a3a ./Core/Src/system_stm32f3xx.o
 .debug_macro   0x0000000000000000       0x6d ./Core/Src/system_stm32f3xx.o
 .group         0x0000000000000000        0xc ./Core/Startup/startup_stm32f303vctx.o
 .group         0x0000000000000000        0xc ./Core/Startup/startup_stm32f303vctx.o
 .group         0x0000000000000000        0xc ./Core/Startup/startup_stm32f303vctx.o
 .group         0x0000000000000000        0xc ./Core/Startup/startup_stm32f303vctx.o
 .group         0x0000000000000000        0xc ./Core/Startup/startup_stm32f303vctx.o
 .group         0x0000000000000000        0xc ./Core/Startup/startup_stm32f303vctx.o
 .group         0x0000000000000000        0xc ./Core/Startup/startup_stm32f303vctx.o
 .text          0x0000000000000000        0x0 ./Core/Startup/startup_stm32f303vctx.o
 .data          0x0000000000000000        0x0 ./Core/Startup/startup_stm32f303vctx.o
 .bss           0x0000000000000000        0x0 ./Core/Startup/startup_stm32f303vctx.o
 .debug_macro   0x0000000000000000      0xa66 ./Core/Startup/startup_stm32f303vctx.o
 .debug_macro   0x0000000000000000       0x22 ./Core/Startup/startup_stm32f303vctx.o
 .debug_macro   0x0000000000000000       0x8e ./Core/Startup/startup_stm32f303vctx.o
 .debug_macro   0x0000000000000000       0x51 ./Core/Startup/startup_stm32f303vctx.o
 .debug_macro   0x0000000000000000      0x103 ./Core/Startup/startup_stm32f303vctx.o
 .debug_macro   0x0000000000000000       0x6a ./Core/Startup/startup_stm32f303vctx.o
 .debug_macro   0x0000000000000000      0x1df ./Core/Startup/startup_stm32f303vctx.o
 .group         0x0000000000000000        0xc ./MIROS/miros.o
 .group         0x0000000000000000        0xc ./MIROS/miros.o
 .group         0x0000000000000000        0xc ./MIROS/miros.o
 .group         0x0000000000000000        0xc ./MIROS/miros.o
 .group         0x0000000000000000        0xc ./MIROS/miros.o
 .group         0x0000000000000000        0xc ./MIROS/miros.o
 .group         0x0000000000000000        0xc ./MIROS/miros.o
 .group         0x0000000000000000        0xc ./MIROS/miros.o
 .group         0x0000000000000000        0xc ./MIROS/miros.o
 .group         0x0000000000000000        0xc ./MIROS/miros.o
 .group         0x0000000000000000        0xc ./MIROS/miros.o
 .group         0x0000000000000000        0xc ./MIROS/miros.o
 .group         0x0000000000000000        0xc ./MIROS/miros.o
 .group         0x0000000000000000        0xc ./MIROS/miros.o
 .group         0x0000000000000000        0xc ./MIROS/miros.o
 .group         0x0000000000000000        0xc ./MIROS/miros.o
 .text          0x0000000000000000        0x0 ./MIROS/miros.o
 .data          0x0000000000000000        0x0 ./MIROS/miros.o
 .bss           0x0000000000000000        0x0 ./MIROS/miros.o
 .debug_macro   0x0000000000000000      0xa66 ./MIROS/miros.o
 .debug_macro   0x0000000000000000       0x22 ./MIROS/miros.o
 .debug_macro   0x0000000000000000       0x8e ./MIROS/miros.o
 .debug_macro   0x0000000000000000       0x51 ./MIROS/miros.o
 .debug_macro   0x0000000000000000      0x103 ./MIROS/miros.o
 .debug_macro   0x0000000000000000       0x6a ./MIROS/miros.o
 .debug_macro   0x0000000000000000      0x1df ./MIROS/miros.o
 .debug_macro   0x0000000000000000       0x2e ./MIROS/miros.o
 .debug_macro   0x0000000000000000       0x28 ./MIROS/miros.o
 .debug_macro   0x0000000000000000       0x1c ./MIROS/miros.o
 .debug_macro   0x0000000000000000       0x22 ./MIROS/miros.o
 .debug_macro   0x0000000000000000       0xd9 ./MIROS/miros.o
 .debug_macro   0x0000000000000000     0x102d ./MIROS/miros.o
 .debug_macro   0x0000000000000000      0x11f ./MIROS/miros.o
 .debug_macro   0x0000000000000000    0x12a3a ./MIROS/miros.o
 .debug_macro   0x0000000000000000       0x6d ./MIROS/miros.o
 .text          0x0000000000000000        0x0 /opt/st/stm32cubeide_1.9.0/plugins/com.st.stm32cube.ide.mcu.externaltools.gnu-tools-for-stm32.10.3-2021.10.linux64_1.0.0.202111181127/tools/bin/../lib/gcc/arm-none-eabi/10.3.1/../../../../arm-none-eabi/lib/thumb/v7e-m/nofp/libc_nano.a(lib_a-exit.o)
 .data          0x0000000000000000        0x0 /opt/st/stm32cubeide_1.9.0/plugins/com.st.stm32cube.ide.mcu.externaltools.gnu-tools-for-stm32.10.3-2021.10.linux64_1.0.0.202111181127/tools/bin/../lib/gcc/arm-none-eabi/10.3.1/../../../../arm-none-eabi/lib/thumb/v7e-m/nofp/libc_nano.a(lib_a-exit.o)
 .bss           0x0000000000000000        0x0 /opt/st/stm32cubeide_1.9.0/plugins/com.st.stm32cube.ide.mcu.externaltools.gnu-tools-for-stm32.10.3-2021.10.linux64_1.0.0.202111181127/tools/bin/../lib/gcc/arm-none-eabi/10.3.1/../../../../arm-none-eabi/lib/thumb/v7e-m/nofp/libc_nano.a(lib_a-exit.o)
 .text.exit     0x0000000000000000       0x28 /opt/st/stm32cubeide_1.9.0/plugins/com.st.stm32cube.ide.mcu.externaltools.gnu-tools-for-stm32.10.3-2021.10.linux64_1.0.0.202111181127/tools/bin/../lib/gcc/arm-none-eabi/10.3.1/../../../../arm-none-eabi/lib/thumb/v7e-m/nofp/libc_nano.a(lib_a-exit.o)
 .debug_frame   0x0000000000000000       0x28 /opt/st/stm32cubeide_1.9.0/plugins/com.st.stm32cube.ide.mcu.externaltools.gnu-tools-for-stm32.10.3-2021.10.linux64_1.0.0.202111181127/tools/bin/../lib/gcc/arm-none-eabi/10.3.1/../../../../arm-none-eabi/lib/thumb/v7e-m/nofp/libc_nano.a(lib_a-exit.o)
 .ARM.attributes
                0x0000000000000000       0x2e /opt/st/stm32cubeide_1.9.0/plugins/com.st.stm32cube.ide.mcu.externaltools.gnu-tools-for-stm32.10.3-2021.10.linux64_1.0.0.202111181127/tools/bin/../lib/gcc/arm-none-eabi/10.3.1/../../../../arm-none-eabi/lib/thumb/v7e-m/nofp/libc_nano.a(lib_a-exit.o)
 .text          0x0000000000000000        0x0 /opt/st/stm32cubeide_1.9.0/plugins/com.st.stm32cube.ide.mcu.externaltools.gnu-tools-for-stm32.10.3-2021.10.linux64_1.0.0.202111181127/tools/bin/../lib/gcc/arm-none-eabi/10.3.1/../../../../arm-none-eabi/lib/thumb/v7e-m/nofp/libc_nano.a(lib_a-impure.o)
 .data          0x0000000000000000        0x0 /opt/st/stm32cubeide_1.9.0/plugins/com.st.stm32cube.ide.mcu.externaltools.gnu-tools-for-stm32.10.3-2021.10.linux64_1.0.0.202111181127/tools/bin/../lib/gcc/arm-none-eabi/10.3.1/../../../../arm-none-eabi/lib/thumb/v7e-m/nofp/libc_nano.a(lib_a-impure.o)
 .bss           0x0000000000000000        0x0 /opt/st/stm32cubeide_1.9.0/plugins/com.st.stm32cube.ide.mcu.externaltools.gnu-tools-for-stm32.10.3-2021.10.linux64_1.0.0.202111181127/tools/bin/../lib/gcc/arm-none-eabi/10.3.1/../../../../arm-none-eabi/lib/thumb/v7e-m/nofp/libc_nano.a(lib_a-impure.o)
 .data._impure_ptr
                0x0000000000000000        0x4 /opt/st/stm32cubeide_1.9.0/plugins/com.st.stm32cube.ide.mcu.externaltools.gnu-tools-for-stm32.10.3-2021.10.linux64_1.0.0.202111181127/tools/bin/../lib/gcc/arm-none-eabi/10.3.1/../../../../arm-none-eabi/lib/thumb/v7e-m/nofp/libc_nano.a(lib_a-impure.o)
 .data.impure_data
                0x0000000000000000       0x60 /opt/st/stm32cubeide_1.9.0/plugins/com.st.stm32cube.ide.mcu.externaltools.gnu-tools-for-stm32.10.3-2021.10.linux64_1.0.0.202111181127/tools/bin/../lib/gcc/arm-none-eabi/10.3.1/../../../../arm-none-eabi/lib/thumb/v7e-m/nofp/libc_nano.a(lib_a-impure.o)
 .rodata._global_impure_ptr
                0x0000000000000000        0x4 /opt/st/stm32cubeide_1.9.0/plugins/com.st.stm32cube.ide.mcu.externaltools.gnu-tools-for-stm32.10.3-2021.10.linux64_1.0.0.202111181127/tools/bin/../lib/gcc/arm-none-eabi/10.3.1/../../../../arm-none-eabi/lib/thumb/v7e-m/nofp/libc_nano.a(lib_a-impure.o)
 .ARM.attributes
                0x0000000000000000       0x2e /opt/st/stm32cubeide_1.9.0/plugins/com.st.stm32cube.ide.mcu.externaltools.gnu-tools-for-stm32.10.3-2021.10.linux64_1.0.0.202111181127/tools/bin/../lib/gcc/arm-none-eabi/10.3.1/../../../../arm-none-eabi/lib/thumb/v7e-m/nofp/libc_nano.a(lib_a-impure.o)
 .text          0x0000000000000000        0x0 /opt/st/stm32cubeide_1.9.0/plugins/com.st.stm32cube.ide.mcu.externaltools.gnu-tools-for-stm32.10.3-2021.10.linux64_1.0.0.202111181127/tools/bin/../lib/gcc/arm-none-eabi/10.3.1/../../../../arm-none-eabi/lib/thumb/v7e-m/nofp/libc_nano.a(lib_a-init.o)
 .data          0x0000000000000000        0x0 /opt/st/stm32cubeide_1.9.0/plugins/com.st.stm32cube.ide.mcu.externaltools.gnu-tools-for-stm32.10.3-2021.10.linux64_1.0.0.202111181127/tools/bin/../lib/gcc/arm-none-eabi/10.3.1/../../../../arm-none-eabi/lib/thumb/v7e-m/nofp/libc_nano.a(lib_a-init.o)
 .bss           0x0000000000000000        0x0 /opt/st/stm32cubeide_1.9.0/plugins/com.st.stm32cube.ide.mcu.externaltools.gnu-tools-for-stm32.10.3-2021.10.linux64_1.0.0.202111181127/tools/bin/../lib/gcc/arm-none-eabi/10.3.1/../../../../arm-none-eabi/lib/thumb/v7e-m/nofp/libc_nano.a(lib_a-init.o)
 .text          0x0000000000000000        0x0 /opt/st/stm32cubeide_1.9.0/plugins/com.st.stm32cube.ide.mcu.externaltools.gnu-tools-for-stm32.10.3-2021.10.linux64_1.0.0.202111181127/tools/bin/../lib/gcc/arm-none-eabi/10.3.1/../../../../arm-none-eabi/lib/thumb/v7e-m/nofp/libc_nano.a(lib_a-memset.o)
 .data          0x0000000000000000        0x0 /opt/st/stm32cubeide_1.9.0/plugins/com.st.stm32cube.ide.mcu.externaltools.gnu-tools-for-stm32.10.3-2021.10.linux64_1.0.0.202111181127/tools/bin/../lib/gcc/arm-none-eabi/10.3.1/../../../../arm-none-eabi/lib/thumb/v7e-m/nofp/libc_nano.a(lib_a-memset.o)
 .bss           0x0000000000000000        0x0 /opt/st/stm32cubeide_1.9.0/plugins/com.st.stm32cube.ide.mcu.externaltools.gnu-tools-for-stm32.10.3-2021.10.linux64_1.0.0.202111181127/tools/bin/../lib/gcc/arm-none-eabi/10.3.1/../../../../arm-none-eabi/lib/thumb/v7e-m/nofp/libc_nano.a(lib_a-memset.o)
 .text.memset   0x0000000000000000       0x10 /opt/st/stm32cubeide_1.9.0/plugins/com.st.stm32cube.ide.mcu.externaltools.gnu-tools-for-stm32.10.3-2021.10.linux64_1.0.0.202111181127/tools/bin/../lib/gcc/arm-none-eabi/10.3.1/../../../../arm-none-eabi/lib/thumb/v7e-m/nofp/libc_nano.a(lib_a-memset.o)
 .debug_frame   0x0000000000000000       0x20 /opt/st/stm32cubeide_1.9.0/plugins/com.st.stm32cube.ide.mcu.externaltools.gnu-tools-for-stm32.10.3-2021.10.linux64_1.0.0.202111181127/tools/bin/../lib/gcc/arm-none-eabi/10.3.1/../../../../arm-none-eabi/lib/thumb/v7e-m/nofp/libc_nano.a(lib_a-memset.o)
 .ARM.attributes
                0x0000000000000000       0x2e /opt/st/stm32cubeide_1.9.0/plugins/com.st.stm32cube.ide.mcu.externaltools.gnu-tools-for-stm32.10.3-2021.10.linux64_1.0.0.202111181127/tools/bin/../lib/gcc/arm-none-eabi/10.3.1/../../../../arm-none-eabi/lib/thumb/v7e-m/nofp/libc_nano.a(lib_a-memset.o)
 .text          0x0000000000000000        0x0 /opt/st/stm32cubeide_1.9.0/plugins/com.st.stm32cube.ide.mcu.externaltools.gnu-tools-for-stm32.10.3-2021.10.linux64_1.0.0.202111181127/tools/bin/../lib/gcc/arm-none-eabi/10.3.1/../../../../arm-none-eabi/lib/thumb/v7e-m/nofp/libnosys.a(_exit.o)
 .data          0x0000000000000000        0x0 /opt/st/stm32cubeide_1.9.0/plugins/com.st.stm32cube.ide.mcu.externaltools.gnu-tools-for-stm32.10.3-2021.10.linux64_1.0.0.202111181127/tools/bin/../lib/gcc/arm-none-eabi/10.3.1/../../../../arm-none-eabi/lib/thumb/v7e-m/nofp/libnosys.a(_exit.o)
 .bss           0x0000000000000000        0x0 /opt/st/stm32cubeide_1.9.0/plugins/com.st.stm32cube.ide.mcu.externaltools.gnu-tools-for-stm32.10.3-2021.10.linux64_1.0.0.202111181127/tools/bin/../lib/gcc/arm-none-eabi/10.3.1/../../../../arm-none-eabi/lib/thumb/v7e-m/nofp/libnosys.a(_exit.o)
 .text._exit    0x0000000000000000        0x2 /opt/st/stm32cubeide_1.9.0/plugins/com.st.stm32cube.ide.mcu.externaltools.gnu-tools-for-stm32.10.3-2021.10.linux64_1.0.0.202111181127/tools/bin/../lib/gcc/arm-none-eabi/10.3.1/../../../../arm-none-eabi/lib/thumb/v7e-m/nofp/libnosys.a(_exit.o)
 .debug_frame   0x0000000000000000       0x20 /opt/st/stm32cubeide_1.9.0/plugins/com.st.stm32cube.ide.mcu.externaltools.gnu-tools-for-stm32.10.3-2021.10.linux64_1.0.0.202111181127/tools/bin/../lib/gcc/arm-none-eabi/10.3.1/../../../../arm-none-eabi/lib/thumb/v7e-m/nofp/libnosys.a(_exit.o)
 .ARM.attributes
                0x0000000000000000       0x2e /opt/st/stm32cubeide_1.9.0/plugins/com.st.stm32cube.ide.mcu.externaltools.gnu-tools-for-stm32.10.3-2021.10.linux64_1.0.0.202111181127/tools/bin/../lib/gcc/arm-none-eabi/10.3.1/../../../../arm-none-eabi/lib/thumb/v7e-m/nofp/libnosys.a(_exit.o)
 .text          0x0000000000000000        0x0 /opt/st/stm32cubeide_1.9.0/plugins/com.st.stm32cube.ide.mcu.externaltools.gnu-tools-for-stm32.10.3-2021.10.linux64_1.0.0.202111181127/tools/bin/../lib/gcc/arm-none-eabi/10.3.1/thumb/v7e-m/nofp/crtend.o
 .data          0x0000000000000000        0x0 /opt/st/stm32cubeide_1.9.0/plugins/com.st.stm32cube.ide.mcu.externaltools.gnu-tools-for-stm32.10.3-2021.10.linux64_1.0.0.202111181127/tools/bin/../lib/gcc/arm-none-eabi/10.3.1/thumb/v7e-m/nofp/crtend.o
 .bss           0x0000000000000000        0x0 /opt/st/stm32cubeide_1.9.0/plugins/com.st.stm32cube.ide.mcu.externaltools.gnu-tools-for-stm32.10.3-2021.10.linux64_1.0.0.202111181127/tools/bin/../lib/gcc/arm-none-eabi/10.3.1/thumb/v7e-m/nofp/crtend.o
 .rodata        0x0000000000000000       0x24 /opt/st/stm32cubeide_1.9.0/plugins/com.st.stm32cube.ide.mcu.externaltools.gnu-tools-for-stm32.10.3-2021.10.linux64_1.0.0.202111181127/tools/bin/../lib/gcc/arm-none-eabi/10.3.1/thumb/v7e-m/nofp/crtend.o
 .eh_frame      0x0000000000000000        0x4 /opt/st/stm32cubeide_1.9.0/plugins/com.st.stm32cube.ide.mcu.externaltools.gnu-tools-for-stm32.10.3-2021.10.linux64_1.0.0.202111181127/tools/bin/../lib/gcc/arm-none-eabi/10.3.1/thumb/v7e-m/nofp/crtend.o
 .ARM.attributes
                0x0000000000000000       0x2e /opt/st/stm32cubeide_1.9.0/plugins/com.st.stm32cube.ide.mcu.externaltools.gnu-tools-for-stm32.10.3-2021.10.linux64_1.0.0.202111181127/tools/bin/../lib/gcc/arm-none-eabi/10.3.1/thumb/v7e-m/nofp/crtend.o
 .text          0x0000000000000000        0x0 /opt/st/stm32cubeide_1.9.0/plugins/com.st.stm32cube.ide.mcu.externaltools.gnu-tools-for-stm32.10.3-2021.10.linux64_1.0.0.202111181127/tools/bin/../lib/gcc/arm-none-eabi/10.3.1/thumb/v7e-m/nofp/crtn.o
 .data          0x0000000000000000        0x0 /opt/st/stm32cubeide_1.9.0/plugins/com.st.stm32cube.ide.mcu.externaltools.gnu-tools-for-stm32.10.3-2021.10.linux64_1.0.0.202111181127/tools/bin/../lib/gcc/arm-none-eabi/10.3.1/thumb/v7e-m/nofp/crtn.o
 .bss           0x0000000000000000        0x0 /opt/st/stm32cubeide_1.9.0/plugins/com.st.stm32cube.ide.mcu.externaltools.gnu-tools-for-stm32.10.3-2021.10.linux64_1.0.0.202111181127/tools/bin/../lib/gcc/arm-none-eabi/10.3.1/thumb/v7e-m/nofp/crtn.o

Memory Configuration

Name             Origin             Length             Attributes
RAM              0x0000000020000000 0x000000000000a000 xrw
CCMRAM           0x0000000010000000 0x0000000000002000 xrw
ROM              0x0000000008000000 0x0000000000040000 xr
*default*        0x0000000000000000 0xffffffffffffffff

Linker script and memory map

LOAD /opt/st/stm32cubeide_1.9.0/plugins/com.st.stm32cube.ide.mcu.externaltools.gnu-tools-for-stm32.10.3-2021.10.linux64_1.0.0.202111181127/tools/bin/../lib/gcc/arm-none-eabi/10.3.1/thumb/v7e-m/nofp/crti.o
LOAD /opt/st/stm32cubeide_1.9.0/plugins/com.st.stm32cube.ide.mcu.externaltools.gnu-tools-for-stm32.10.3-2021.10.linux64_1.0.0.202111181127/tools/bin/../lib/gcc/arm-none-eabi/10.3.1/thumb/v7e-m/nofp/crtbegin.o
LOAD /opt/st/stm32cubeide_1.9.0/plugins/com.st.stm32cube.ide.mcu.externaltools.gnu-tools-for-stm32.10.3-2021.10.linux64_1.0.0.202111181127/tools/bin/../lib/gcc/arm-none-eabi/10.3.1/../../../../arm-none-eabi/lib/thumb/v7e-m/nofp/crt0.o
LOAD ./Core/Src/board_support.o
LOAD ./Core/Src/main.o
LOAD ./Core/Src/system_stm32f3xx.o
LOAD ./Core/Startup/startup_stm32f303vctx.o
LOAD ./MIROS/miros.o
START GROUP
LOAD /opt/st/stm32cubeide_1.9.0/plugins/com.st.stm32cube.ide.mcu.externaltools.gnu-tools-for-stm32.10.3-2021.10.linux64_1.0.0.202111181127/tools/bin/../lib/gcc/arm-none-eabi/10.3.1/../../../../arm-none-eabi/lib/thumb/v7e-m/nofp/libc_nano.a
LOAD /opt/st/stm32cubeide_1.9.0/plugins/com.st.stm32cube.ide.mcu.externaltools.gnu-tools-for-stm32.10.3-2021.10.linux64_1.0.0.202111181127/tools/bin/../lib/gcc/arm-none-eabi/10.3.1/../../../../arm-none-eabi/lib/thumb/v7e-m/nofp/libm.a
END GROUP
START GROUP
LOAD /opt/st/stm32cubeide_1.9.0/plugins/com.st.stm32cube.ide.mcu.externaltools.gnu-tools-for-stm32.10.3-2021.10.linux64_1.0.0.202111181127/tools/bin/../lib/gcc/arm-none-eabi/10.3.1/thumb/v7e-m/nofp/libgcc.a
LOAD /opt/st/stm32cubeide_1.9.0/plugins/com.st.stm32cube.ide.mcu.externaltools.gnu-tools-for-stm32.10.3-2021.10.linux64_1.0.0.202111181127/tools/bin/../lib/gcc/arm-none-eabi/10.3.1/../../../../arm-none-eabi/lib/thumb/v7e-m/nofp/libc_nano.a
END GROUP
START GROUP
LOAD /opt/st/stm32cubeide_1.9.0/plugins/com.st.stm32cube.ide.mcu.externaltools.gnu-tools-for-stm32.10.3-2021.10.linux64_1.0.0.202111181127/tools/bin/../lib/gcc/arm-none-eabi/10.3.1/thumb/v7e-m/nofp/libgcc.a
LOAD /opt/st/stm32cubeide_1.9.0/plugins/com.st.stm32cube.ide.mcu.externaltools.gnu-tools-for-stm32.10.3-2021.10.linux64_1.0.0.202111181127/tools/bin/../lib/gcc/arm-none-eabi/10.3.1/../../../../arm-none-eabi/lib/thumb/v7e-m/nofp/libc_nano.a
LOAD /opt/st/stm32cubeide_1.9.0/plugins/com.st.stm32cube.ide.mcu.externaltools.gnu-tools-for-stm32.10.3-2021.10.linux64_1.0.0.202111181127/tools/bin/../lib/gcc/arm-none-eabi/10.3.1/../../../../arm-none-eabi/lib/thumb/v7e-m/nofp/libnosys.a
END GROUP
START GROUP
LOAD /opt/st/stm32cubeide_1.9.0/plugins/com.st.stm32cube.ide.mcu.externaltools.gnu-tools-for-stm32.10.3-2021.10.linux64_1.0.0.202111181127/tools/bin/../lib/gcc/arm-none-eabi/10.3.1/thumb/v7e-m/nofp/libgcc.a
LOAD /opt/st/stm32cubeide_1.9.0/plugins/com.st.stm32cube.ide.mcu.externaltools.gnu-tools-for-stm32.10.3-2021.10.linux64_1.0.0.202111181127/tools/bin/../lib/gcc/arm-none-eabi/10.3.1/../../../../arm-none-eabi/lib/thumb/v7e-m/nofp/libc_nano.a
LOAD /opt/st/stm32cubeide_1.9.0/plugins/com.st.stm32cube.ide.mcu.externaltools.gnu-tools-for-stm32.10.3-2021.10.linux64_1.0.0.202111181127/tools/bin/../lib/gcc/arm-none-eabi/10.3.1/../../../../arm-none-eabi/lib/thumb/v7e-m/nofp/libnosys.a
END GROUP
LOAD /opt/st/stm32cubeide_1.9.0/plugins/com.st.stm32cube.ide.mcu.externaltools.gnu-tools-for-stm32.10.3-2021.10.linux64_1.0.0.202111181127/tools/bin/../lib/gcc/arm-none-eabi/10.3.1/thumb/v7e-m/nofp/crtend.o
LOAD /opt/st/stm32cubeide_1.9.0/plugins/com.st.stm32cube.ide.mcu.externaltools.gnu-tools-for-stm32.10.3-2021.10.linux64_1.0.0.202111181127/tools/bin/../lib/gcc/arm-none-eabi/10.3.1/thumb/v7e-m/nofp/crtn.o
                0x0000000000000400                STACK_SIZE = 0x400
                0x0000000000000010                HEAP_SIZE = 0x10

.isr_vector     0x0000000008000000      0x188
 *(.isr_vector)
 .isr_vector    0x0000000008000000      0x188 ./Core/Startup/startup_stm32f303vctx.o
                0x0000000008000000                g_pfnVectors
                0x0000000008000188                . = ALIGN (0x4)

.eh_frame       0x0000000008000188        0x0
 .eh_frame      0x0000000008000188        0x0 /opt/st/stm32cubeide_1.9.0/plugins/com.st.stm32cube.ide.mcu.externaltools.gnu-tools-for-stm32.10.3-2021.10.linux64_1.0.0.202111181127/tools/bin/../lib/gcc/arm-none-eabi/10.3.1/thumb/v7e-m/nofp/crtbegin.o

.text           0x0000000008000188      0x494
                0x0000000008000188                . = ALIGN (0x4)
 *(.text)
 .text          0x0000000008000188       0x40 /opt/st/stm32cubeide_1.9.0/plugins/com.st.stm32cube.ide.mcu.externaltools.gnu-tools-for-stm32.10.3-2021.10.linux64_1.0.0.202111181127/tools/bin/../lib/gcc/arm-none-eabi/10.3.1/thumb/v7e-m/nofp/crtbegin.o
 *(.text*)
 .text.assert_failed
                0x00000000080001c8       0x24 ./Core/Src/board_support.o
                0x00000000080001c8                assert_failed
 .text.BS_init  0x00000000080001ec       0x60 ./Core/Src/board_support.o
                0x00000000080001ec                BS_init
 .text.BS_gpioToggle
                0x000000000800024c       0x12 ./Core/Src/board_support.o
                0x000000000800024c                BS_gpioToggle
 *fill*         0x000000000800025e        0x2 
 .text.SysTick_Handler
                0x0000000008000260       0x18 ./Core/Src/board_support.o
                0x0000000008000260                SysTick_Handler
 .text.tickCtr_internal
                0x0000000008000278       0x10 ./Core/Src/board_support.o
                0x0000000008000278                tickCtr_internal
 .text.BS_delay
                0x0000000008000288       0x16 ./Core/Src/board_support.o
                0x0000000008000288                BS_delay
 *fill*         0x000000000800029e        0x2 
 .text.main_blinky1
                0x00000000080002a0       0x1c ./Core/Src/main.o
                0x00000000080002a0                main_blinky1
 .text.main_blinky2
                0x00000000080002bc       0x1c ./Core/Src/main.o
                0x00000000080002bc                main_blinky2
 .text.main     0x00000000080002d8       0x3c ./Core/Src/main.o
                0x00000000080002d8                main
 .text.SystemInit
                0x0000000008000314       0xbc ./Core/Src/system_stm32f3xx.o
                0x0000000008000314                SystemInit
 .text.NMI_Handler
                0x00000000080003d0       0x14 ./Core/Startup/startup_stm32f303vctx.o
                0x00000000080003d0                NMI_Handler
 .text.MemManage_Handler
                0x00000000080003e4       0x18 ./Core/Startup/startup_stm32f303vctx.o
                0x00000000080003e4                MemManage_Handler
 .text.HardFault_Handler
                0x00000000080003fc       0x18 ./Core/Startup/startup_stm32f303vctx.o
                0x00000000080003fc                HardFault_Handler
 .text.BusFault_Handler
                0x0000000008000414       0x18 ./Core/Startup/startup_stm32f303vctx.o
                0x0000000008000414                BusFault_Handler
 .text.UsageFault_Handler
                0x000000000800042c       0x1c ./Core/Startup/startup_stm32f303vctx.o
                0x000000000800042c                UsageFault_Handler
 .text.Default_Handler
                0x0000000008000448       0x18 ./Core/Startup/startup_stm32f303vctx.o
                0x0000000008000448                RTC_Alarm_IRQHandler
                0x0000000008000448                TIM8_TRG_COM_IRQHandler
                0x0000000008000448                TIM8_CC_IRQHandler
                0x0000000008000448                DebugMon_Handler
                0x0000000008000448                TIM1_CC_IRQHandler
                0x0000000008000448                USB_HP_IRQHandler
                0x0000000008000448                PVD_IRQHandler
                0x0000000008000448                TAMP_STAMP_IRQHandler
                0x0000000008000448                EXTI3_IRQHandler
                0x0000000008000448                USB_HP_CAN_TX_IRQHandler
                0x0000000008000448                EXTI0_IRQHandler
                0x0000000008000448                I2C2_EV_IRQHandler
                0x0000000008000448                FPU_IRQHandler
                0x0000000008000448                TIM1_UP_TIM16_IRQHandler
                0x0000000008000448                ADC1_2_IRQHandler
                0x0000000008000448                SPI1_IRQHandler
                0x0000000008000448                CAN_SCE_IRQHandler
                0x0000000008000448                TIM6_DAC_IRQHandler
                0x0000000008000448                TIM8_UP_IRQHandler
                0x0000000008000448                DMA2_Channel2_IRQHandler
                0x0000000008000448                DMA1_Channel4_IRQHandler
                0x0000000008000448                USART3_IRQHandler
                0x0000000008000448                DMA1_Channel7_IRQHandler
                0x0000000008000448                UART5_IRQHandler
                0x0000000008000448                ADC3_IRQHandler
                0x0000000008000448                TIM4_IRQHandler
                0x0000000008000448                CAN_RX1_IRQHandler
                0x0000000008000448                DMA2_Channel1_IRQHandler
                0x0000000008000448                I2C1_EV_IRQHandler
                0x0000000008000448                DMA1_Channel6_IRQHandler
                0x0000000008000448                UART4_IRQHandler
                0x0000000008000448                DMA2_Channel4_IRQHandler
                0x0000000008000448                TIM3_IRQHandler
                0x0000000008000448                RCC_IRQHandler
                0x0000000008000448                DMA1_Channel1_IRQHandler
                0x0000000008000448                Default_Handler
                0x0000000008000448                USBWakeUp_RMP_IRQHandler
                0x0000000008000448                EXTI15_10_IRQHandler
                0x0000000008000448                TIM7_IRQHandler
                0x0000000008000448                EXTI9_5_IRQHandler
                0x0000000008000448                RTC_WKUP_IRQHandler
                0x0000000008000448                SPI2_IRQHandler
                0x0000000008000448                USB_LP_CAN_RX0_IRQHandler
                0x0000000008000448                SVC_Handler
                0x0000000008000448                DMA2_Channel5_IRQHandler
                0x0000000008000448                DMA1_Channel5_IRQHandler
                0x0000000008000448                USB_LP_IRQHandler
                0x0000000008000448                EXTI4_IRQHandler
                0x0000000008000448                TIM1_TRG_COM_TIM17_IRQHandler
                0x0000000008000448                DMA1_Channel3_IRQHandler
                0x0000000008000448                ADC4_IRQHandler
                0x0000000008000448                WWDG_IRQHandler
                0x0000000008000448                TIM2_IRQHandler
                0x0000000008000448                COMP7_IRQHandler
                0x0000000008000448                COMP1_2_3_IRQHandler
                0x0000000008000448                EXTI1_IRQHandler
                0x0000000008000448                USART2_IRQHandler
                0x0000000008000448                COMP4_5_6_IRQHandler
                0x0000000008000448                I2C2_ER_IRQHandler
                0x0000000008000448                DMA1_Channel2_IRQHandler
                0x0000000008000448                TIM8_BRK_IRQHandler
                0x0000000008000448                FLASH_IRQHandler
                0x0000000008000448                USART1_IRQHandler
                0x0000000008000448                SPI3_IRQHandler
                0x0000000008000448                I2C1_ER_IRQHandler
                0x0000000008000448                USBWakeUp_IRQHandler
                0x0000000008000448                DMA2_Channel3_IRQHandler
                0x0000000008000448                EXTI2_TSC_IRQHandler
                0x0000000008000448                TIM1_BRK_TIM15_IRQHandler
 .text.Reset_Handler
                0x0000000008000460       0x54 ./Core/Startup/startup_stm32f303vctx.o
                0x0000000008000460                Reset_Handler
 .text.osInit   0x00000000080004b4       0x12 ./MIROS/miros.o
                0x00000000080004b4                osInit
 *fill*         0x00000000080004c6        0x2 
 .text.osSched  0x00000000080004c8       0x24 ./MIROS/miros.o
                0x00000000080004c8                osSched
 .text.osThreadStart
                0x00000000080004ec       0x8c ./MIROS/miros.o
                0x00000000080004ec                osThreadStart
 .text.PendSV_Handler
                0x0000000008000578       0x34 ./MIROS/miros.o
                0x0000000008000578                PendSV_Handler
 .text.__libc_init_array
                0x00000000080005ac       0x48 /opt/st/stm32cubeide_1.9.0/plugins/com.st.stm32cube.ide.mcu.externaltools.gnu-tools-for-stm32.10.3-2021.10.linux64_1.0.0.202111181127/tools/bin/../lib/gcc/arm-none-eabi/10.3.1/../../../../arm-none-eabi/lib/thumb/v7e-m/nofp/libc_nano.a(lib_a-init.o)
                0x00000000080005ac                __libc_init_array
 *(.rodata)
 *(.rodata*)
 .rodata.Reset_Handler.str1.4
                0x00000000080005f4        0xe ./Core/Startup/startup_stm32f303vctx.o
 *(.init)
 *fill*         0x0000000008000602        0x2 
 .init          0x0000000008000604        0x4 /opt/st/stm32cubeide_1.9.0/plugins/com.st.stm32cube.ide.mcu.externaltools.gnu-tools-for-stm32.10.3-2021.10.linux64_1.0.0.202111181127/tools/bin/../lib/gcc/arm-none-eabi/10.3.1/thumb/v7e-m/nofp/crti.o
                0x0000000008000604                _init
 .init          0x0000000008000608        0x8 /opt/st/stm32cubeide_1.9.0/plugins/com.st.stm32cube.ide.mcu.externaltools.gnu-tools-for-stm32.10.3-2021.10.linux64_1.0.0.202111181127/tools/bin/../lib/gcc/arm-none-eabi/10.3.1/thumb/v7e-m/nofp/crtn.o
 *(.fini)
 .fini          0x0000000008000610        0x4 /opt/st/stm32cubeide_1.9.0/plugins/com.st.stm32cube.ide.mcu.externaltools.gnu-tools-for-stm32.10.3-2021.10.linux64_1.0.0.202111181127/tools/bin/../lib/gcc/arm-none-eabi/10.3.1/thumb/v7e-m/nofp/crti.o
                0x0000000008000610                _fini
 .fini          0x0000000008000614        0x8 /opt/st/stm32cubeide_1.9.0/plugins/com.st.stm32cube.ide.mcu.externaltools.gnu-tools-for-stm32.10.3-2021.10.linux64_1.0.0.202111181127/tools/bin/../lib/gcc/arm-none-eabi/10.3.1/thumb/v7e-m/nofp/crtn.o
                0x000000000800061c                . = ALIGN (0x4)

.glue_7         0x000000000800061c        0x0
 .glue_7        0x000000000800061c        0x0 linker stubs

.glue_7t        0x000000000800061c        0x0
 .glue_7t       0x000000000800061c        0x0 linker stubs

.vfp11_veneer   0x000000000800061c        0x0
 .vfp11_veneer  0x000000000800061c        0x0 linker stubs

.v4_bx          0x000000000800061c        0x0
 .v4_bx         0x000000000800061c        0x0 linker stubs

.iplt           0x000000000800061c        0x0
 .iplt          0x000000000800061c        0x0 /opt/st/stm32cubeide_1.9.0/plugins/com.st.stm32cube.ide.mcu.externaltools.gnu-tools-for-stm32.10.3-2021.10.linux64_1.0.0.202111181127/tools/bin/../lib/gcc/arm-none-eabi/10.3.1/thumb/v7e-m/nofp/crtbegin.o

.rel.dyn        0x000000000800061c        0x0
 .rel.iplt      0x000000000800061c        0x0 /opt/st/stm32cubeide_1.9.0/plugins/com.st.stm32cube.ide.mcu.externaltools.gnu-tools-for-stm32.10.3-2021.10.linux64_1.0.0.202111181127/tools/bin/../lib/gcc/arm-none-eabi/10.3.1/thumb/v7e-m/nofp/crtbegin.o

.preinit_array  0x000000000800061c        0x0
                0x000000000800061c                PROVIDE (__preinit_array_start = .)
 *(.preinit_array*)
                0x000000000800061c                PROVIDE (__preinit_array_end = .)

.init_array     0x000000000800061c        0x4
                0x000000000800061c                PROVIDE (__init_array_start = .)
 *(SORT_BY_NAME(.init_array.*))
 *(.init_array*)
 .init_array    0x000000000800061c        0x4 /opt/st/stm32cubeide_1.9.0/plugins/com.st.stm32cube.ide.mcu.externaltools.gnu-tools-for-stm32.10.3-2021.10.linux64_1.0.0.202111181127/tools/bin/../lib/gcc/arm-none-eabi/10.3.1/thumb/v7e-m/nofp/crtbegin.o
                0x0000000008000620                PROVIDE (__init_array_end = .)

.fini_array     0x0000000008000620        0x4
                [!provide]                        PROVIDE (__fini_array_start = .)
 *(.fini_array*)
 .fini_array    0x0000000008000620        0x4 /opt/st/stm32cubeide_1.9.0/plugins/com.st.stm32cube.ide.mcu.externaltools.gnu-tools-for-stm32.10.3-2021.10.linux64_1.0.0.202111181127/tools/bin/../lib/gcc/arm-none-eabi/10.3.1/thumb/v7e-m/nofp/crtbegin.o
 *(SORT_BY_NAME(.fini_array.*))
                [!provide]                        PROVIDE (__fini_array_end = .)
                0x0000000008000624                _etext = .

.stack          0x0000000020000000      0x400
                0x0000000020000000                __stack_start__ = .
                0x0000000020000400                . = (. + STACK_SIZE)
 *fill*         0x0000000020000000      0x400 
                0x0000000020000400                . = ALIGN (0x4)
                0x0000000020000400                __stack_end__ = .

.data           0x0000000020000400        0x4 load address 0x0000000008000624
                0x0000000008000624                __data_load = LOADADDR (.data)
                0x0000000020000400                __data_start = .
 *(.data)
 *(.data*)
 .data.SystemCoreClock
                0x0000000020000400        0x4 ./Core/Src/system_stm32f3xx.o
                0x0000000020000400                SystemCoreClock
                0x0000000020000404                . = ALIGN (0x4)
                0x0000000020000404                __data_end__ = .
                0x0000000020000404                _edata = __data_end__

.igot.plt       0x0000000020000404        0x0 load address 0x0000000008000628
 .igot.plt      0x0000000020000404        0x0 /opt/st/stm32cubeide_1.9.0/plugins/com.st.stm32cube.ide.mcu.externaltools.gnu-tools-for-stm32.10.3-2021.10.linux64_1.0.0.202111181127/tools/bin/../lib/gcc/arm-none-eabi/10.3.1/thumb/v7e-m/nofp/crtbegin.o

.bss            0x0000000020000404      0x170 load address 0x0000000008000628
                0x0000000020000404                __bss_start__ = .
 *(.bss)
 .bss           0x0000000020000404       0x1c /opt/st/stm32cubeide_1.9.0/plugins/com.st.stm32cube.ide.mcu.externaltools.gnu-tools-for-stm32.10.3-2021.10.linux64_1.0.0.202111181127/tools/bin/../lib/gcc/arm-none-eabi/10.3.1/thumb/v7e-m/nofp/crtbegin.o
 *(.bss*)
 .bss.l_tickctr
                0x0000000020000420        0x4 ./Core/Src/board_support.o
 .bss.blinky1   0x0000000020000424        0x4 ./Core/Src/main.o
                0x0000000020000424                blinky1
 .bss.blinky2   0x0000000020000428        0x4 ./Core/Src/main.o
                0x0000000020000428                blinky2
 .bss.stack_blinky1
                0x000000002000042c       0xa0 ./Core/Src/main.o
                0x000000002000042c                stack_blinky1
 .bss.stack_blinky2
                0x00000000200004cc       0xa0 ./Core/Src/main.o
                0x00000000200004cc                stack_blinky2
 .bss.OSCurr    0x000000002000056c        0x4 ./MIROS/miros.o
                0x000000002000056c                OSCurr
 .bss.OSNext    0x0000000020000570        0x4 ./MIROS/miros.o
                0x0000000020000570                OSNext
 *(COMMON)
                0x0000000020000574                . = ALIGN (0x4)
                0x0000000020000574                _ebss = .
                0x0000000020000574                __bss_end__ = .
                [!provide]                        PROVIDE (end = _ebss)
                [!provide]                        PROVIDE (_end = _ebss)
                [!provide]                        PROVIDE (__end__ = _ebss)

.heap           0x0000000020000574       0x10 load address 0x0000000008000798
                0x0000000020000574                __heap_start__ = .
                0x0000000020000584                . = (. + HEAP_SIZE)
 *fill*         0x0000000020000574       0x10 
                0x0000000020000584                . = ALIGN (0x4)
                0x0000000020000584                __heap_end__ = .
                0x0000000008000624                _siccmram = LOADADDR (.ccmram)

.ccmram         0x0000000010000000        0x0 load address 0x0000000008000624
                0x0000000010000000                . = ALIGN (0x4)
                0x0000000010000000                _sccmram = .
 *(.ccmram)
 *(.ccmram*)
                0x0000000010000000                . = ALIGN (0x4)
                0x0000000010000000                _eccmram = .

/DISCARD/
 libc.a(*)
 libm.a(*)
 libgcc.a(*)
OUTPUT(cmsis_f303_blinky.elf elf32-littlearm)
LOAD linker stubs
LOAD /opt/st/stm32cubeide_1.9.0/plugins/com.st.stm32cube.ide.mcu.externaltools.gnu-tools-for-stm32.10.3-2021.10.linux64_1.0.0.202111181127/tools/bin/../lib/gcc/arm-none-eabi/10.3.1/../../../../arm-none-eabi/lib/thumb/v7e-m/nofp/libc.a
LOAD /opt/st/stm32cubeide_1.9.0/plugins/com.st.stm32cube.ide.mcu.externaltools.gnu-tools-for-stm32.10.3-2021.10.linux64_1.0.0.202111181127/tools/bin/../lib/gcc/arm-none-eabi/10.3.1/../../../../arm-none-eabi/lib/thumb/v7e-m/nofp/libm.a
LOAD /opt/st/stm32cubeide_1.9.0/plugins/com.st.stm32cube.ide.mcu.externaltools.gnu-tools-for-stm32.10.3-2021.10.linux64_1.0.0.202111181127/tools/bin/../lib/gcc/arm-none-eabi/10.3.1/thumb/v7e-m/nofp/libgcc.a

.ARM.attributes
                0x0000000000000000       0x2a
 .ARM.attributes
                0x0000000000000000       0x1e /opt/st/stm32cubeide_1.9.0/plugins/com.st.stm32cube.ide.mcu.externaltools.gnu-tools-for-stm32.10.3-2021.10.linux64_1.0.0.202111181127/tools/bin/../lib/gcc/arm-none-eabi/10.3.1/thumb/v7e-m/nofp/crti.o
 .ARM.attributes
                0x000000000000001e       0x2e /opt/st/stm32cubeide_1.9.0/plugins/com.st.stm32cube.ide.mcu.externaltools.gnu-tools-for-stm32.10.3-2021.10.linux64_1.0.0.202111181127/tools/bin/../lib/gcc/arm-none-eabi/10.3.1/thumb/v7e-m/nofp/crtbegin.o
 .ARM.attributes
                0x000000000000004c       0x2e ./Core/Src/board_support.o
 .ARM.attributes
                0x000000000000007a       0x2e ./Core/Src/main.o
 .ARM.attributes
                0x00000000000000a8       0x2e ./Core/Src/system_stm32f3xx.o
 .ARM.attributes
                0x00000000000000d6       0x2e ./Core/Startup/startup_stm32f303vctx.o
 .ARM.attributes
                0x0000000000000104       0x2e ./MIROS/miros.o
 .ARM.attributes
                0x0000000000000132       0x2e /opt/st/stm32cubeide_1.9.0/plugins/com.st.stm32cube.ide.mcu.externaltools.gnu-tools-for-stm32.10.3-2021.10.linux64_1.0.0.202111181127/tools/bin/../lib/gcc/arm-none-eabi/10.3.1/../../../../arm-none-eabi/lib/thumb/v7e-m/nofp/libc_nano.a(lib_a-init.o)
 .ARM.attributes
                0x0000000000000160       0x1e /opt/st/stm32cubeide_1.9.0/plugins/com.st.stm32cube.ide.mcu.externaltools.gnu-tools-for-stm32.10.3-2021.10.linux64_1.0.0.202111181127/tools/bin/../lib/gcc/arm-none-eabi/10.3.1/thumb/v7e-m/nofp/crtn.o

.comment        0x0000000000000000       0x50
 .comment       0x0000000000000000       0x50 ./Core/Src/board_support.o
                                         0x51 (size before relaxing)
 .comment       0x0000000000000050       0x51 ./Core/Src/main.o
 .comment       0x0000000000000050       0x51 ./Core/Src/system_stm32f3xx.o
 .comment       0x0000000000000050       0x51 ./Core/Startup/startup_stm32f303vctx.o
 .comment       0x0000000000000050       0x51 ./MIROS/miros.o

.debug_info     0x0000000000000000     0x16d5
 .debug_info    0x0000000000000000      0xa7d ./Core/Src/board_support.o
 .debug_info    0x0000000000000a7d      0x358 ./Core/Src/main.o
 .debug_info    0x0000000000000dd5      0x4f0 ./Core/Src/system_stm32f3xx.o
 .debug_info    0x00000000000012c5      0x259 ./Core/Startup/startup_stm32f303vctx.o
 .debug_info    0x000000000000151e      0x1b7 ./MIROS/miros.o

.debug_abbrev   0x0000000000000000      0x811
 .debug_abbrev  0x0000000000000000      0x2e4 ./Core/Src/board_support.o
 .debug_abbrev  0x00000000000002e4      0x178 ./Core/Src/main.o
 .debug_abbrev  0x000000000000045c      0x152 ./Core/Src/system_stm32f3xx.o
 .debug_abbrev  0x00000000000005ae      0x14e ./Core/Startup/startup_stm32f303vctx.o
 .debug_abbrev  0x00000000000006fc      0x115 ./MIROS/miros.o

.debug_loc      0x0000000000000000      0x4c3
 .debug_loc     0x0000000000000000      0x148 ./Core/Src/board_support.o
 .debug_loc     0x0000000000000148      0x123 ./Core/Src/system_stm32f3xx.o
 .debug_loc     0x000000000000026b       0x8b ./Core/Startup/startup_stm32f303vctx.o
 .debug_loc     0x00000000000002f6      0x1cd ./MIROS/miros.o

.debug_aranges  0x0000000000000000      0x128
 .debug_aranges
                0x0000000000000000       0x48 ./Core/Src/board_support.o
 .debug_aranges
                0x0000000000000048       0x30 ./Core/Src/main.o
 .debug_aranges
                0x0000000000000078       0x28 ./Core/Src/system_stm32f3xx.o
 .debug_aranges
                0x00000000000000a0       0x50 ./Core/Startup/startup_stm32f303vctx.o
 .debug_aranges
                0x00000000000000f0       0x38 ./MIROS/miros.o

.debug_ranges   0x0000000000000000       0xd8
 .debug_ranges  0x0000000000000000       0x38 ./Core/Src/board_support.o
 .debug_ranges  0x0000000000000038       0x20 ./Core/Src/main.o
 .debug_ranges  0x0000000000000058       0x18 ./Core/Src/system_stm32f3xx.o
 .debug_ranges  0x0000000000000070       0x40 ./Core/Startup/startup_stm32f303vctx.o
 .debug_ranges  0x00000000000000b0       0x28 ./MIROS/miros.o

.debug_macro    0x0000000000000000    0x1501c
 .debug_macro   0x0000000000000000       0xed ./Core/Src/board_support.o
 .debug_macro   0x00000000000000ed      0xa66 ./Core/Src/board_support.o
 .debug_macro   0x0000000000000b53       0x22 ./Core/Src/board_support.o
 .debug_macro   0x0000000000000b75       0x8e ./Core/Src/board_support.o
 .debug_macro   0x0000000000000c03       0x51 ./Core/Src/board_support.o
 .debug_macro   0x0000000000000c54      0x103 ./Core/Src/board_support.o
 .debug_macro   0x0000000000000d57       0x6a ./Core/Src/board_support.o
 .debug_macro   0x0000000000000dc1      0x1df ./Core/Src/board_support.o
 .debug_macro   0x0000000000000fa0       0x2e ./Core/Src/board_support.o
 .debug_macro   0x0000000000000fce       0x28 ./Core/Src/board_support.o
 .debug_macro   0x0000000000000ff6       0x1c ./Core/Src/board_support.o
 .debug_macro   0x0000000000001012       0x22 ./Core/Src/board_support.o
 .debug_macro   0x0000000000001034       0xd9 ./Core/Src/board_support.o
 .debug_macro   0x000000000000110d     0x102d ./Core/Src/board_support.o
 .debug_macro   0x000000000000213a      0x11f ./Core/Src/board_support.o
 .debug_macro   0x0000000000002259    0x12a3a ./Core/Src/board_support.o
 .debug_macro   0x0000000000014c93       0x6d ./Core/Src/board_support.o
 .debug_macro   0x0000000000014d00       0x16 ./Core/Src/board_support.o
 .debug_macro   0x0000000000014d16       0xe1 ./Core/Src/main.o
 .debug_macro   0x0000000000014df7       0xe0 ./Core/Src/system_stm32f3xx.o
 .debug_macro   0x0000000000014ed7       0x6d ./Core/Startup/startup_stm32f303vctx.o
 .debug_macro   0x0000000000014f44       0xd8 ./MIROS/miros.o

.debug_line     0x0000000000000000     0x1b26
 .debug_line    0x0000000000000000      0x640 ./Core/Src/board_support.o
 .debug_line    0x0000000000000640      0x4bd ./Core/Src/main.o
 .debug_line    0x0000000000000afd      0x60b ./Core/Src/system_stm32f3xx.o
 .debug_line    0x0000000000001108      0x4c0 ./Core/Startup/startup_stm32f303vctx.o
 .debug_line    0x00000000000015c8      0x55e ./MIROS/miros.o

.debug_str      0x0000000000000000    0x72f3b
 .debug_str     0x0000000000000000    0x72c3f ./Core/Src/board_support.o
                                      0x72eff (size before relaxing)
 .debug_str     0x0000000000072c3f       0x7c ./Core/Src/main.o
                                      0x728df (size before relaxing)
 .debug_str     0x0000000000072cbb      0x10e ./Core/Src/system_stm32f3xx.o
                                      0x72997 (size before relaxing)
 .debug_str     0x0000000000072dc9      0x11a ./Core/Startup/startup_stm32f303vctx.o
                                       0x3ce3 (size before relaxing)
 .debug_str     0x0000000000072ee3       0x58 ./MIROS/miros.o
                                      0x7284c (size before relaxing)

.debug_frame    0x0000000000000000      0x228
 .debug_frame   0x0000000000000000       0x84 ./Core/Src/board_support.o
 .debug_frame   0x0000000000000084       0x58 ./Core/Src/main.o
 .debug_frame   0x00000000000000dc       0x3c ./Core/Src/system_stm32f3xx.o
 .debug_frame   0x0000000000000118       0x88 ./Core/Startup/startup_stm32f303vctx.o
 .debug_frame   0x00000000000001a0       0x5c ./MIROS/miros.o
 .debug_frame   0x00000000000001fc       0x2c /opt/st/stm32cubeide_1.9.0/plugins/com.st.stm32cube.ide.mcu.externaltools.gnu-tools-for-stm32.10.3-2021.10.linux64_1.0.0.202111181127/tools/bin/../lib/gcc/arm-none-eabi/10.3.1/../../../../arm-none-eabi/lib/thumb/v7e-m/nofp/libc_nano.a(lib_a-init.o)
